Running on filename papers
Dataset directory: /scratch4/workspace/spolisetty_umass_edu-groot/dataset
Data directory: /scratch4/workspace/spolisetty_umass_edu-groot/graph
Python directory: /work/pi_huiguan_umass_edu/sandeep/code/dgl_groot/experiment
/scratch4/workspace/spolisetty_umass_edu-groot/graph /work/pi_huiguan_umass_edu/sandeep/code/dgl_groot
papers
Archive:  papers100M-bin.zip
   creating: papers100M-bin/
   creating: papers100M-bin/raw/
  inflating: papers100M-bin/raw/node-label.npz  
  inflating: papers100M-bin/raw/data.npz  
   creating: papers100M-bin/processed/
   creating: papers100M-bin/split/
   creating: papers100M-bin/split/time/
  inflating: papers100M-bin/split/time/valid.csv.gz  
  inflating: papers100M-bin/split/time/test.csv.gz  
  inflating: papers100M-bin/split/time/train.csv.gz  
   creating: papers100M-bin/mapping/
 extracting: papers100M-bin/mapping/labelidx2arxivcategeory.csv.gz  
  inflating: papers100M-bin/mapping/nodeidx2paperid.csv.gz  
  inflating: papers100M-bin/mapping/README.md  
  inflating: papers100M-bin/RELEASE_v1.txt  
/work/pi_huiguan_umass_edu/sandeep/code/dgl_groot
papers Downloaded
args=Namespace(data_dir='/scratch4/workspace/spolisetty_umass_edu-groot/graph', graph_name='papers')
finished processing  papers
papers Processing done
Unity job finished.
