Running on filename products
Dataset directory: /scratch4/workspace/spolisetty_umass_edu-groot/dataset
Data directory: /scratch4/workspace/spolisetty_umass_edu-groot/graph
Python directory: /work/pi_huiguan_umass_edu/sandeep/code/dgl_groot/experiment
/scratch4/workspace/spolisetty_umass_edu-groot/graph /work/pi_huiguan_umass_edu/sandeep/code/dgl_groot
products
Archive:  products.zip
   creating: products/
   creating: products/split/
   creating: products/split/sales_ranking/
  inflating: products/split/sales_ranking/test.csv.gz  
  inflating: products/split/sales_ranking/train.csv.gz  
  inflating: products/split/sales_ranking/valid.csv.gz  
   creating: products/processed/
   creating: products/raw/
  inflating: products/raw/node-label.csv.gz  
 extracting: products/raw/num-node-list.csv.gz  
 extracting: products/raw/num-edge-list.csv.gz  
  inflating: products/raw/node-feat.csv.gz  
  inflating: products/raw/edge.csv.gz  
   creating: products/mapping/
  inflating: products/mapping/README.md  
 extracting: products/mapping/labelidx2productcategory.csv.gz  
  inflating: products/mapping/nodeidx2asin.csv.gz  
  inflating: products/RELEASE_v1.txt  
/work/pi_huiguan_umass_edu/sandeep/code/dgl_groot
products Downloaded
args=Namespace(data_dir='/scratch4/workspace/spolisetty_umass_edu-groot/graph', graph_name='products')
Loading necessary files...
This might take a while.
Processing graphs...
Converting graphs into DGL objects...
Saving...
finished processing  products
products Processing done
Unity job finished.
