Running on filename arxiv
Dataset directory: /scratch4/workspace/spolisetty_umass_edu-groot/dataset
Data directory: /scratch4/workspace/spolisetty_umass_edu-groot/graph
Python directory: /work/pi_huiguan_umass_edu/sandeep/code/dgl_groot/experiment
/scratch4/workspace/spolisetty_umass_edu-groot/graph /work/pi_huiguan_umass_edu/sandeep/code/dgl_groot
arxiv
Archive:  arxiv.zip
   creating: arxiv/
   creating: arxiv/processed/
   creating: arxiv/mapping/
  inflating: arxiv/mapping/nodeidx2paperid.csv.gz  
  inflating: arxiv/mapping/README.md  
 extracting: arxiv/mapping/labelidx2arxivcategeory.csv.gz  
   creating: arxiv/raw/
  inflating: arxiv/raw/node_year.csv.gz  
 extracting: arxiv/raw/num-node-list.csv.gz  
  inflating: arxiv/raw/edge.csv.gz   
  inflating: arxiv/raw/node-label.csv.gz  
 extracting: arxiv/raw/num-edge-list.csv.gz  
  inflating: arxiv/raw/node-feat.csv.gz  
   creating: arxiv/split/
   creating: arxiv/split/time/
  inflating: arxiv/split/time/train.csv.gz  
  inflating: arxiv/split/time/test.csv.gz  
  inflating: arxiv/split/time/valid.csv.gz  
  inflating: arxiv/RELEASE_v1.txt    
/work/pi_huiguan_umass_edu/sandeep/code/dgl_groot
arxiv Downloaded
args=Namespace(data_dir='/scratch4/workspace/spolisetty_umass_edu-groot/graph', graph_name='arxiv')
finished processing  arxiv
arxiv Processing done
Unity job finished.
